[36mvite v8.0.3 [32mbuilding client environment for production...[36m[39m
[2K
transforming...Γ£ô 15 modules transformed.
node.exe : [31mΓ£ù[39m 
Build failed in 116ms
At line:1 char:1
+ & "C:\Program 
Files\nodejs/node.exe" 
"C:\Program 
Files\nodejs/node_mo ...
+ ~~~~~~~~~~~~~~~~~~~~~~~~
~~~~~~~~~~~~~~~~~~~~~~~~~~
~~~~~~~~~~~~~~~~~~~
    + CategoryInfo        
      : NotSpecified: (  
  [31mΓ£ù[39m Build fa   
 iled in 116ms:String)    
 [], RemoteException
    + FullyQualifiedError 
   Id : NativeCommandErr  
  or
 
[31merror during build:
[31mBuild failed with 1 
error:

[31m[builtin:vite-transfo
rm] Error:[0m Unexpected 
token. Did you mean 
`{'>'}` or `&gt;`?
     [38;5;246mΓò¡[0m[3
8;5;246mΓöÇ[0m[38;5;246m
[[0m src/App.jsx:190:72 
[38;5;246m][0m
     [38;5;246mΓöé[0m
 [38;5;246m190 Γöé[0m 
[38;5;249m 
[0m[38;5;249m 
[0m[38;5;249m 
[0m[38;5;249m 
[0m[38;5;249m 
[0m[38;5;249m 
[0m[38;5;249m 
[0m[38;5;249m 
[0m[38;5;249m 
[0m[38;5;249m 
[0m[38;5;249m 
[0m[38;5;249m 
[0m[38;5;249m 
[0m[38;5;249m 
[0m[38;5;249m 
[0m[38;5;249m 
[0m[38;5;249m 
[0m[38;5;249m 
[0m[38;5;249m [0m[38;5
;249mG[0m[38;5;249ma[0m
[38;5;249my[0m[38;5;249
ma[0m[38;5;249m [0m[38
;5;249me[0m[38;5;249mk[
0m[38;5;249ms[0m[38;5;2
49mt[0m[38;5;249mr[0m[
38;5;249ma[0m[38;5;249mk
[0m[38;5;249ms[0m[38;5
;249mi[0m[38;5;249m [0m
[38;5;249mm[0m[38;5;249
me[0m[38;5;249ml[0m[38
;5;249me[0m[38;5;249mb[
0m[38;5;249mi[0m[38;5;2
49mh[0m[38;5;249mi[0m[
38;5;249m [0m[38;5;249mb
[0m[38;5;249ma[0m[38;5
;249mt[0m[38;5;249ma[0m
[38;5;249ms[0m[38;5;249
m [0m[38;5;249ma[0m[38
;5;249mm[0m[38;5;249ma[
0m[38;5;249mn[0m[38;5;2
49m [0m[38;5;249mt[0m[
38;5;249mu[0m[38;5;249ml
[0m[38;5;249ma[0m[38;5
;249mn[0m[38;5;249mg[0m
[38;5;249m [0m[38;5;249
ma[0m[38;5;249ml[0m[38
;5;249mv[0m[38;5;249me[
0m[38;5;249mo[0m[38;5;2
49ml[0m[38;5;249ma[0m[
38;5;249mr[0m[38;5;249m 
[0m[38;5;249m([0m[38;5
;249m>[0m[38;5;249m5[0m
[38;5;249m0[0m[38;5;249
m [0m[38;5;249mN[0m[38
;5;249mm[0m[38;5;249m)[
0m[38;5;249m.[0m[38;5;2
49m [0m[38;5;249mK[0m[
38;5;249mu[0m[38;5;249mr
[0m[38;5;249ma[0m[38;5
;249mn[0m[38;5;249mg[0m
[38;5;249mi[0m[38;5;249
m [0m[38;5;249mt[0m[38
;5;249me[0m[38;5;249mk[
0m[38;5;249ma[0m[38;5;2
49mn[0m[38;5;249ma[0m[
38;5;249mn[0m[38;5;249m 
[0m[38;5;249ms[0m[38;5
;249me[0m[38;5;249mg[0m
[38;5;249me[0m[38;5;249
mr[0m[38;5;249ma[0m[38
;5;249m.[0m
 [38;5;240m    Γöé[0m   
                          
                          
                 Γöé 
 [38;5;240m    Γöé[0m   
                          
                          
                 Γò░ΓöÇ 
[38;5;246mΓöÇΓöÇΓöÇΓöÇΓöÇ
Γò»[0m
[31m
    at aggregateBindingErr
orsIntoJsError (file:///D:
/ADIT/PKM/Dashboard%20Webs
ite/node_modules/rolldown/
dist/shared/error-BLhcSyeg
.mjs:48:18)
    at 
unwrapBindingResult (file:
///D:/ADIT/PKM/Dashboard%2
0Website/node_modules/roll
down/dist/shared/error-BLh
cSyeg.mjs:18:128)
    at #build (file:///D:/
ADIT/PKM/Dashboard%20Websi
te/node_modules/rolldown/d
ist/shared/rolldown-build-
CPrIX9V6.mjs:3313:34)
    at async 
buildEnvironment (file:///
D:/ADIT/PKM/Dashboard%20We
bsite/node_modules/vite/di
st/node/chunks/node.js:328
49:64)
    at async Object.build 
(file:///D:/ADIT/PKM/Dashb
oard%20Website/node_module
s/vite/dist/node/chunks/no
de.js:33271:19)
    at async 
Object.buildApp (file:///D
:/ADIT/PKM/Dashboard%20Web
site/node_modules/vite/dis
t/node/chunks/node.js:3326
8:153)
    at async 
CAC.<anonymous> (file:///D
:/ADIT/PKM/Dashboard%20Web
site/node_modules/vite/dis
t/node/cli.js:778:3) {
  errors: [Getter/Setter]
}[39m
